// Jest Snapshot v1, https://goo.gl/fbAQLP

exports[`Basic Rendering 1`] = `
<svg
  aria-hidden="true"
  className="MuiSvgIcon-root makeStyles-root-1"
  focusable="false"
  onClick={[Function]}
  role="presentation"
  viewBox="0 0 24 24"
>
  <path
    d="M20 11H7.83l5.59-5.59L12 4l-8 8 8 8 1.41-1.41L7.83 13H20v-2z"
  />
</svg>
`;
