// Jest Snapshot v1, https://goo.gl/fbAQLP

exports[`Basic Rendering 1`] = `
<div
  className="MuiPaper-root MuiPaper-elevation1 MuiCard-root MuiPaper-rounded"
>
  <div
    className="MuiCardHeader-root"
  >
    <div
      className="MuiCardHeader-avatar"
    >
      <div
        className="MuiAvatar-root"
      >
        <img
          alt="Loading"
          className="MuiAvatar-img"
          src="ajax-loader.gif"
        />
      </div>
    </div>
    <div
      className="MuiCardHeader-content"
    >
      <span
        className="MuiTypography-root MuiCardHeader-title MuiTypography-body2 MuiTypography-displayBlock"
      >
        Loading
      </span>
    </div>
  </div>
  <div
    className="MuiCardContent-root"
  >
    <div>
      <form
        className="makeStyles-form-69"
        onSubmit={[Function]}
      >
        <div
          className="MuiFormControl-root MuiTextField-root MuiFormControl-marginNormal"
        >
          <label
            className="MuiFormLabel-root MuiInputLabel-root MuiInputLabel-formControl MuiInputLabel-animated"
            data-shrink={false}
          >
            status
          </label>
          <div
            className="MuiInputBase-root MuiInput-root MuiInput-underline MuiInputBase-formControl MuiInput-formControl MuiInputBase-multiline MuiInput-multiline"
            onClick={[Function]}
          >
            <textarea
              aria-invalid={false}
              className="MuiInputBase-input MuiInput-input MuiInputBase-inputMultiline MuiInput-inputMultiline"
              disabled={false}
              name="status"
              onBlur={[Function]}
              onChange={[Function]}
              onFocus={[Function]}
              placeholder="Whatcha sayin?"
              required={false}
              rows="4"
              value=""
            />
          </div>
          
        </div>
        <span
          className="MuiFormHelperText-root Mui-error"
        >
          
        </span>
        <button
          className="MuiButtonBase-root MuiButton-root makeStyles-submit-71 MuiButton-outlined MuiButton-outlinedPrimary Mui-disabled Mui-disabled"
          disabled={true}
          margin="normal"
          onBlur={[Function]}
          onDragLeave={[Function]}
          onFocus={[Function]}
          onKeyDown={[Function]}
          onKeyUp={[Function]}
          onMouseDown={[Function]}
          onMouseLeave={[Function]}
          onMouseUp={[Function]}
          onTouchEnd={[Function]}
          onTouchMove={[Function]}
          onTouchStart={[Function]}
          tabIndex={-1}
          type="submit"
        >
          <span
            className="MuiButton-label"
          >
            Update
          </span>
        </button>
      </form>
    </div>
  </div>
</div>
`;
