// Jest Snapshot v1, https://goo.gl/fbAQLP

exports[`Basic Rendering 1`] = `
Array [
  <li
    className="MuiListItem-root MuiListItem-gutters MuiListItem-alignItemsFlexStart"
    disabled={false}
  >
    <div
      className="MuiListItemAvatar-root MuiListItemAvatar-alignItemsFlexStart"
    >
      <div
        className="MuiAvatar-root MuiAvatar-colorDefault"
      />
    </div>
    <div
      className="MuiListItemText-root MuiListItemText-multiline"
    >
      <span
        className="MuiTypography-root MuiListItemText-primary MuiTypography-body1"
      >
        Zeph
      </span>
      <span
        className="MuiTypography-root makeStyles-inline-2 MuiTypography-body2 MuiTypography-colorTextPrimary"
      >
        Hi There!
      </span>
    </div>
  </li>,
  <li
    className="MuiDivider-root MuiDivider-inset"
    role="separator"
  />,
]
`;
